#rank      cc Fish-z  rel-z        x        y        z    a11    a12    a13    a21    a22    a23    a31    a32    a33
1       0.560  0.633 31.025  -23.200   40.600    5.800  1.000  0.000  0.000  0.000  1.000  0.000  0.000  0.000  1.000
2       0.517  0.573 28.043  -26.100   37.700    5.800  1.000  0.000  0.000  0.000  1.000  0.000  0.000  0.000  1.000
3       0.432  0.463 22.673  -29.000   37.700    2.900  1.000  0.000  0.000  0.000  1.000  0.000  0.000  0.000  1.000
4       0.288  0.296 14.490  -17.400  -23.200   40.600 -0.000 -1.000  0.000 -1.000 -0.000 -0.000  0.000  0.000 -1.000
