# consistent restraints | accessible complexes |relative | cumulative accessible complexes | relative
  0  161452 0.940112  171737 1.000000
  1    6623 0.038565   10285 0.059888
  2    2721 0.015844    3662 0.021323
  3     684 0.003983     941 0.005479
  4     239 0.001392     257 0.001496
  5      17 0.000099      18 0.000105
  6       1 0.000006       1 0.000006
  7       0 0.000000       0 0.000000
  8       0 0.000000       0 0.000000
