# row represents the number of consistent restraints
# column represents how often that restraint is violated
          1       2       3       4       5       6       7       8
1    0.6634  0.8771  0.7948  0.8404  0.7199  0.8014  0.8292  0.9995
2    0.6824  0.6988  0.6054  0.7455  0.4661  0.4719  0.9975  1.0000
3    0.2412  0.3560  0.2412  0.4814  0.6993  0.6897  0.9979  1.0000
4    0.0428  0.1206  0.0195  0.2529  0.7432  0.7471  1.0000  1.0000
5    0.0000  0.0000  0.0000  0.9444  0.0000  0.0000  1.0000  1.0000
6    0.0000  0.0000  0.0000  0.0000  0.0000  0.0000  1.0000  1.0000
7    0.0000  0.0000  0.0000  0.0000  0.0000  0.0000  0.0000  0.0000
8    0.0000  0.0000  0.0000  0.0000  0.0000  0.0000  0.0000  0.0000
