 1  0.295  0.310 -0.843
 2  0.366  0.276 -0.577
 3  0.285  0.298 -0.883
 4  0.420  0.274 -0.375
 5  0.440  0.276 -0.300
 6  0.409  0.298 -0.415
 7  0.949  0.080  1.614
 8  0.993  0.010  1.780
